// Jest Snapshot v1, https://goo.gl/fbAQLP

exports[`Breadcrumbs renders 1`] = `
<BreadcrumbList>
  <BreadcrumbLink
    to="/test1"
  >
    Test 1
  </BreadcrumbLink>
  <BreadcrumbDividerIcon
    direction="right"
    size="xs"
  />
  <BreadcrumbLink
    to="/test2"
  >
    Test 2
  </BreadcrumbLink>
  <BreadcrumbDividerIcon
    direction="right"
    size="xs"
  />
  <BreadcrumbItem>
    Test 3
  </BreadcrumbItem>
</BreadcrumbList>
`;
