// Jest Snapshot v1, https://goo.gl/fbAQLP

exports[`ExternalLink renders 1`] = `
<a
  href="https://www.sentry.io/"
  rel="noreferrer noopener"
  target="_blank"
/>
`;
