// Jest Snapshot v1, https://goo.gl/fbAQLP

exports[`NoteInput renders 1`] = `
<NoteInput
  api={Client {}}
  group={
    Object {
      "project": Object {},
    }
  }
  memberList={Array []}
  sessionUser={Object {}}
/>
`;
