// Jest Snapshot v1, https://goo.gl/fbAQLP

exports[`TeamAvatar render() renders 1`] = `
<span
  className="avatar"
>
  <Tooltip
    disabled={true}
    title="team-slug"
  >
    <LetterAvatar
      displayName="team-slug"
      identifier="team-slug"
    />
  </Tooltip>
</span>
`;
