// Jest Snapshot v1, https://goo.gl/fbAQLP

exports[`AssistantCue renders 1`] = `
<div
  className="assistant-cue"
  onClick={[Function]}
/>
`;
