// Jest Snapshot v1, https://goo.gl/fbAQLP

exports[`AccountEmails renders with emails 1`] = `
<SideEffect(DocumentTitle)
  title="Emails - Sentry"
>
  <div>
    <StyledSettingsPageHeading
      noTitleStyles={false}
      title="Emails"
    />
    <Panel>
      <PanelHeader>
        Emails
      </PanelHeader>
      <PanelBody
        direction="column"
        disablePadding={true}
        flex={false}
      >
        <EmailRow
          email="primary@example.com"
          isPrimary={true}
          isVerified={true}
          onRemove={[Function]}
          onVerify={[Function]}
        />
        <EmailRow
          email="secondary1@example.com"
          isPrimary={false}
          isVerified={true}
          key="secondary1@example.com"
          onRemove={[Function]}
          onSetPrimary={[Function]}
          onVerify={[Function]}
        />
        <EmailRow
          email="secondary2@example.com"
          isPrimary={false}
          isVerified={false}
          key="secondary2@example.com"
          onRemove={[Function]}
          onSetPrimary={[Function]}
          onVerify={[Function]}
        />
      </PanelBody>
    </Panel>
    <Form
      allowUndo={false}
      apiEndpoint="/users/me/emails/"
      apiMethod="POST"
      cancelLabel="Cancel"
      className="form-stacked"
      onSubmitSuccess={[Function]}
      requireChanges={false}
      saveOnBlur={true}
      submitDisabled={false}
      submitLabel="Save Changes"
      submitPriority="primary"
    >
      <JsonForm
        additionalFieldProps={Object {}}
        forms={
          Array [
            Object {
              "fields": Array [
                Object {
                  "help": "Designate an alternative email for this account",
                  "label": "Additional Email",
                  "name": "email",
                  "placeholder": "e.g. secondary@example.com",
                  "showReturnButton": true,
                  "type": "string",
                },
              ],
              "title": "Add Secondary Emails",
            },
          ]
        }
      />
    </Form>
    <AlertLink
      icon="icon-stack"
      priority="warning"
      size="normal"
      to="/settings/account/notifications"
    >
      Want to change how many emails you get? Use the notifications panel.
    </AlertLink>
  </div>
</SideEffect(DocumentTitle)>
`;
