// Jest Snapshot v1, https://goo.gl/fbAQLP

exports[`OrganizationTeamProjects Should render 1`] = `
<withTeams
  params={
    Object {
      "orgId": "org-slug",
    }
  }
>
  <withProjects
    params={
      Object {
        "orgId": "org-slug",
      }
    }
    teams={Array []}
  >
    <OrganizationTeamsProjectsView
      params={
        Object {
          "orgId": "org-slug",
        }
      }
      projects={
        Array [
          Object {
            "hasAccess": true,
            "id": "2",
            "isBookmarked": false,
            "isMember": true,
            "name": "Project Name",
            "slug": "project-slug",
            "teams": Array [
              Object {
                "id": "1",
                "isMember": true,
                "name": "Team Name",
                "slug": "team-slug",
              },
            ],
          },
          Object {
            "hasAccess": true,
            "id": "3",
            "isBookmarked": false,
            "isMember": true,
            "name": "Project Name 2",
            "slug": "project-slug-2",
            "teams": Array [],
          },
        ]
      }
      teams={Array []}
    >
      <div
        className="row"
      >
        <SettingsPageHeading
          title="Projects by Team"
        >
          <Wrapper>
            <div
              className="css-12kovf2-Wrapper e1kblvez0"
            >
              <Flex
                align="center"
              >
                <Base
                  align="center"
                  className="css-5ipae5"
                >
                  <div
                    className="css-5ipae5"
                    is={null}
                  >
                    <Title>
                      <div
                        className="css-zmdcxu-Title e1kblvez1"
                      >
                        Projects by Team
                      </div>
                    </Title>
                  </div>
                </Base>
              </Flex>
            </div>
          </Wrapper>
        </SettingsPageHeading>
        <div
          className="col-md-9"
        >
          <div
            className="team-list"
          >
            <Panel
              key="null"
            >
              <StyledPanel>
                <div
                  className="css-1ctfmmx-StyledPanel e1laxa7d0"
                >
                  <PanelHeader
                    className="css-geruia"
                  >
                    <StyledPanelHeader
                      className="css-geruia"
                    >
                      <Component
                        className="css-12ju89m-StyledPanelHeader-getPadding e1p8v8nv0"
                      >
                        <Flex
                          align="center"
                          className="css-12ju89m-StyledPanelHeader-getPadding e1p8v8nv0"
                          justify="space-between"
                        >
                          <Base
                            align="center"
                            className="e1p8v8nv0 css-1gxbvgl-StyledPanelHeader-getPadding"
                            justify="space-between"
                          >
                            <div
                              className="e1p8v8nv0 css-1gxbvgl-StyledPanelHeader-getPadding"
                              is={null}
                            >
                              Projects Without Teams
                            </div>
                          </Base>
                        </Flex>
                      </Component>
                    </StyledPanelHeader>
                  </PanelHeader>
                  <PanelBody
                    direction="column"
                    disablePadding={true}
                    flex={false}
                  >
                    <div
                      className=""
                    >
                      <PanelItem
                        align="center"
                        key="3"
                        p={2}
                      >
                        <StyledPanelItem
                          align="center"
                          p={2}
                        >
                          <Base
                            align="center"
                            className="css-1m7dq2n-StyledPanelItem eo8n7lk0"
                            p={2}
                          >
                            <div
                              className="css-1m7dq2n-StyledPanelItem eo8n7lk0"
                              is={null}
                            >
                              <Flex
                                flex="1"
                                justify="space-between"
                              >
                                <Base
                                  className="css-b5qfy7"
                                  flex="1"
                                  justify="space-between"
                                >
                                  <div
                                    className="css-b5qfy7"
                                    is={null}
                                  >
                                    <Link
                                      onlyActiveOnIndex={false}
                                      style={Object {}}
                                      to="/org-slug/project-slug-2/"
                                    >
                                      <a
                                        onClick={[Function]}
                                        style={Object {}}
                                      >
                                        <ProjectLabel
                                          project={
                                            Object {
                                              "hasAccess": true,
                                              "id": "3",
                                              "isBookmarked": false,
                                              "isMember": true,
                                              "name": "Project Name 2",
                                              "slug": "project-slug-2",
                                              "teams": Array [],
                                            }
                                          }
                                        >
                                          <span
                                            className="project-label"
                                            project={
                                              Object {
                                                "hasAccess": true,
                                                "id": "3",
                                                "isBookmarked": false,
                                                "isMember": true,
                                                "name": "Project Name 2",
                                                "slug": "project-slug-2",
                                                "teams": Array [],
                                              }
                                            }
                                          >
                                            <span
                                              className="project-name"
                                            >
                                              project-slug-2
                                            </span>
                                          </span>
                                        </ProjectLabel>
                                      </a>
                                    </Link>
                                    <div
                                      className="project-chart"
                                    />
                                  </div>
                                </Base>
                              </Flex>
                              <Box
                                ml={2}
                              >
                                <Base
                                  className="css-1dvsqd3"
                                  ml={2}
                                >
                                  <div
                                    className="css-1dvsqd3"
                                    is={null}
                                  >
                                    <Button
                                      disabled={false}
                                      size="small"
                                      to="/settings/org-slug/project-slug-2/"
                                    >
                                      <Link
                                        className="button button-default button-sm"
                                        disabled={false}
                                        onClick={[Function]}
                                        onlyActiveOnIndex={false}
                                        role="button"
                                        style={Object {}}
                                        to="/settings/org-slug/project-slug-2/"
                                      >
                                        <a
                                          className="button button-default button-sm"
                                          disabled={false}
                                          onClick={[Function]}
                                          role="button"
                                          style={Object {}}
                                        >
                                          <Flex
                                            align="center"
                                            className="button-label"
                                          >
                                            <Base
                                              align="center"
                                              className="button-label css-5ipae5"
                                            >
                                              <div
                                                className="button-label css-5ipae5"
                                                is={null}
                                              >
                                                Manage Project
                                              </div>
                                            </Base>
                                          </Flex>
                                        </a>
                                      </Link>
                                    </Button>
                                  </div>
                                </Base>
                              </Box>
                            </div>
                          </Base>
                        </StyledPanelItem>
                      </PanelItem>
                    </div>
                  </PanelBody>
                </div>
              </StyledPanel>
            </Panel>
          </div>
        </div>
      </div>
    </OrganizationTeamsProjectsView>
  </withProjects>
</withTeams>
`;
