// Jest Snapshot v1, https://goo.gl/fbAQLP

exports[`TeamSettings render() renders 1`] = `
<SideEffect(DocumentTitle)
  title="Team Settings"
>
  <div
    className="box"
  >
    <div
      className="box-content with-padding"
    >
      <ApiForm
        apiEndpoint="/teams/org/team-slug/"
        apiMethod="PUT"
        cancelLabel="Cancel"
        className="form-stacked"
        errorMessage="Unable to save your changes. Please ensure all fields are valid and try again."
        footerClass="form-actions align-right"
        hideErrors={false}
        initialData={
          Object {
            "name": "Team Name",
            "slug": "team-slug",
          }
        }
        onSubmitSuccess={[Function]}
        requireChanges={true}
        resetOnError={false}
        submitDisabled={false}
        submitLabel="Save Changes"
      >
        <TextField
          disabled={false}
          hideErrorMessage={false}
          label="Name"
          name="name"
          placeholder="e.g. API Team"
          required={true}
        />
        <TextField
          disabled={false}
          hideErrorMessage={false}
          label="Short name"
          name="slug"
          placeholder="e.g. api-team"
          required={true}
        />
      </ApiForm>
    </div>
  </div>
</SideEffect(DocumentTitle)>
`;
