// Jest Snapshot v1, https://goo.gl/fbAQLP

exports[`TeamMembers renders 1`] = `
<Panel>
  <PanelHeader
    hasButtons={true}
  >
    <div>
      Members
    </div>
    <div
      style={
        Object {
          "textTransform": "none",
        }
      }
    >
      <DropdownAutoComplete
        alignMenu="right"
        busy={false}
        emptyMessage="No members"
        items={Array []}
        menuHeader={
          <StyledMembersLabel>
            Members
            <StyledCreateMemberLink
              to="/settings/org-slug/members/new/"
            >
              Add Member
            </StyledCreateMemberLink>
          </StyledMembersLabel>
        }
        onChange={[Function]}
        onClose={[Function]}
        onSelect={[Function]}
      >
        <Component />
      </DropdownAutoComplete>
    </div>
  </PanelHeader>
  <StyledMemberContainer
    key="1"
  >
    <IdBadge
      avatarSize={36}
      member={
        Object {
          "email": "sentry1@test.com",
          "expired": false,
          "flags": Object {
            "sso:linked": false,
          },
          "id": "1",
          "name": "Sentry 1 Name",
          "pending": false,
          "role": "member",
          "roleName": "Member",
          "user": Object {
            "email": "foo@example.com",
            "flags": Object {
              "newsletter_consent_prompt": false,
            },
            "hasPasswordAuth": true,
            "id": "1",
            "isAuthenticated": true,
            "name": "Foo Bar",
            "options": Object {
              "timezone": "UTC",
            },
            "username": "foo@example.com",
          },
        }
      }
      orgId="org-slug"
      useLink={true}
    />
    <Button
      disabled={false}
      onClick={[Function]}
      size="small"
    >
      <InlineSvg
        size="1.25em"
        src="icon-circle-subtract"
        style={
          Object {
            "marginRight": "8px",
          }
        }
      />
      Remove
    </Button>
  </StyledMemberContainer>
  <StyledMemberContainer
    key="2"
  >
    <IdBadge
      avatarSize={36}
      member={
        Object {
          "email": "sentry2@test.com",
          "flags": Object {
            "sso:linked": false,
          },
          "id": "2",
          "name": "Sentry 2 Name",
          "pending": true,
          "role": "member",
          "roleName": "Member",
          "user": Object {
            "email": "sentry2@test.com",
            "has2fa": false,
            "id": "2",
            "name": "Sentry 2 Name",
            "username": "Sentry 2 Username",
          },
        }
      }
      orgId="org-slug"
      useLink={true}
    />
    <Button
      disabled={false}
      onClick={[Function]}
      size="small"
    >
      <InlineSvg
        size="1.25em"
        src="icon-circle-subtract"
        style={
          Object {
            "marginRight": "8px",
          }
        }
      />
      Remove
    </Button>
  </StyledMemberContainer>
  <StyledMemberContainer
    key="3"
  >
    <IdBadge
      avatarSize={36}
      member={
        Object {
          "email": "sentry3@test.com",
          "flags": Object {
            "sso:linked": true,
          },
          "id": "3",
          "name": "Sentry 3 Name",
          "pending": false,
          "role": "owner",
          "roleName": "Owner",
          "user": Object {
            "email": "sentry3@test.com",
            "has2fa": true,
            "id": "3",
            "name": "Sentry 3 Name",
            "username": "Sentry 3 Username",
          },
        }
      }
      orgId="org-slug"
      useLink={true}
    />
    <Button
      disabled={false}
      onClick={[Function]}
      size="small"
    >
      <InlineSvg
        size="1.25em"
        src="icon-circle-subtract"
        style={
          Object {
            "marginRight": "8px",
          }
        }
      />
      Remove
    </Button>
  </StyledMemberContainer>
  <StyledMemberContainer
    key="4"
  >
    <IdBadge
      avatarSize={36}
      member={
        Object {
          "email": "sentry4@test.com",
          "flags": Object {
            "sso:linked": true,
          },
          "id": "4",
          "name": "Sentry 4 Name",
          "pending": false,
          "role": "owner",
          "roleName": "Owner",
          "user": Object {
            "email": "sentry4@test.com",
            "has2fa": true,
            "id": "4",
            "name": "Sentry 4 Name",
            "username": "Sentry 4 Username",
          },
        }
      }
      orgId="org-slug"
      useLink={true}
    />
    <Button
      disabled={false}
      onClick={[Function]}
      size="small"
    >
      <InlineSvg
        size="1.25em"
        src="icon-circle-subtract"
        style={
          Object {
            "marginRight": "8px",
          }
        }
      />
      Remove
    </Button>
  </StyledMemberContainer>
</Panel>
`;
