// Jest Snapshot v1, https://goo.gl/fbAQLP

exports[`TeamCreate render() renders correctly 1`] = `
<SideEffect(DocumentTitle)
  title="Create Team"
>
  <NarryLayout>
    <h3>
      Create a New Team
    </h3>
    <p>
      Teams group members' access to a specific focus, e.g. a major product or application that may have sub-projects.
    </p>
    <ApiForm
      apiEndpoint="/organizations/org/teams/"
      apiMethod="POST"
      cancelLabel="Cancel"
      className="form-stacked"
      errorMessage="Unable to save your changes. Please ensure all fields are valid and try again."
      footerClass="form-actions align-right"
      hideErrors={false}
      onSubmitSuccess={[Function]}
      requireChanges={true}
      resetOnError={false}
      submitDisabled={false}
      submitLabel="Save Changes"
    >
      <TextField
        disabled={false}
        hideErrorMessage={false}
        label="Team Name"
        name="name"
        placeholder="e.g. Operations, Web, Desktop"
        required={true}
      />
    </ApiForm>
  </NarryLayout>
</SideEffect(DocumentTitle)>
`;
