errors: null
to_json:
  data: {foo: bar}
  inferred_content_type: application/json
  url: http://example.com/
