// Jest Snapshot v1, https://goo.gl/fbAQLP

exports[`OnboardingWizard render() should render NotFound if no matching organization 1`] = `
<OnboardingBackground>
  <div
    className="onboarding-container"
  >
    <SideEffect(DocumentTitle)
      title="Sentry"
    />
    <div
      className="step-container"
    >
      <ProgressNodes
        params={
          Object {
            "orgId": "my-cool-org",
          }
        }
      />
      <div />
    </div>
  </div>
</OnboardingBackground>
`;
