// Jest Snapshot v1, https://goo.gl/fbAQLP

exports[`OrganizationAuditLog renders 1`] = `
<SideEffect(DocumentTitle)
  title="Audit Log - org-slug - Sentry"
>
  <AuditLogList
    entries={
      Array [
        Object {
          "actor": Object {
            "email": "foo@example.com",
            "flags": Object {
              "newsletter_consent_prompt": false,
            },
            "hasPasswordAuth": true,
            "id": "1",
            "isAuthenticated": true,
            "isSuperuser": true,
            "name": "Foo Bar",
            "options": Object {
              "timezone": "UTC",
            },
            "username": "foo@example.com",
          },
          "data": Object {
            "id": 2,
            "name": "Ludic Science",
            "public": false,
            "slug": "ludic-science",
            "status": 0,
          },
          "dateCreated": "2018-02-21T03:04:23.157Z",
          "event": "project.edit",
          "id": "465",
          "ipAddress": "127.0.0.1",
          "note": "edited project ludic-science",
          "targetObject": 2,
          "targetUser": null,
        },
        Object {
          "actor": Object {
            "email": "foo@example.com",
            "flags": Object {
              "newsletter_consent_prompt": false,
            },
            "hasPasswordAuth": true,
            "id": "1",
            "isAuthenticated": true,
            "isSuperuser": false,
            "name": "Foo Bar",
            "options": Object {
              "timezone": "UTC",
            },
            "username": "foo@example.com",
          },
          "data": Object {
            "accountRateLimit": "from 1000 to 0",
          },
          "dateCreated": "2018-02-16T23:45:59.813Z",
          "event": "org.edit",
          "id": "408",
          "ipAddress": "127.0.0.1",
          "note": "edited the organization setting(s): accountRateLimit from 1000 to 0",
          "targetObject": 2,
          "targetUser": null,
        },
      ]
    }
    eventTypes={
      Array [
        "api-key.create",
        "api-key.edit",
        "api-key.remove",
        "integration.add",
        "integration.edit",
        "integration.remove",
        "member.accept-invite",
        "member.add",
        "member.edit",
        "member.invite",
        "member.join-team",
        "member.leave-team",
        "member.pending",
        "member.remove",
        "ondemand.edit",
        "org.create",
        "org.edit",
        "org.remove",
        "org.restore",
        "plan.cancelled",
        "plan.changed",
        "project.accept-transfer",
        "project.create",
        "project.edit",
        "project.remove",
        "project.request-transfer",
        "project.set-private",
        "project.set-public",
        "projectkey.create",
        "projectkey.disable",
        "projectkey.edit",
        "projectkey.enable",
        "projectkey.remove",
        "rule.create",
        "rule.edit",
        "rule.remove",
        "servicehook.create",
        "servicehook.disable",
        "servicehook.edit",
        "servicehook.enable",
        "servicehook.remove",
        "sso-identity.link",
        "sso.disable",
        "sso.edit",
        "sso.enable",
        "tagkey.remove",
        "team.create",
        "team.edit",
        "team.remove",
        "trial.started",
      ]
    }
    location={
      Object {
        "query": "",
      }
    }
    onEventSelect={[Function]}
    params={
      Object {
        "orgId": "org-slug",
      }
    }
  />
</SideEffect(DocumentTitle)>
`;
