// Jest Snapshot v1, https://goo.gl/fbAQLP

exports[`OrganizationAuthView renders from api 1`] = `
<div>
  <h3>
    <span
      key="4"
    >
      <span
        key="1"
      />
      <span
        key="2"
      >
         Authentication
      </span>
    </span>
  </h3>
  <div
    className="box"
  >
    <div
      className="box-content with-padding"
    >
      <legend
        style={
          Object {
            "marginTop": 0,
          }
        }
      >
        Login URL
      </legend>
      <p>
        While Sentry will try to be clever about directing members to the
              appropriate login form, you're safest just to hit up your
              organization-specific login when visiting the app
        :
      </p>
      <pre>
        <a />
      </pre>
      <div
        dangerouslySetInnerHTML={
          Object {
            "__html": undefined,
          }
        }
      />
      <legend>
        General Settings
      </legend>
      <ApiForm
        apiEndpoint="/organizations/org-slug/auth-provider/"
        apiMethod="PUT"
        cancelLabel="Cancel"
        className="form-stacked"
        errorMessage="Unable to save your changes. Please ensure all fields are valid and try again."
        footerClass="form-actions align-right"
        hideErrors={false}
        initialData={Object {}}
        onSubmit={[Function]}
        requireChanges={false}
        resetOnError={false}
        submitDisabled={false}
        submitErrorMessage="There was an error saving your changes."
        submitLabel="Save Settings"
        submitLoadingMessage="Saving changes.."
      >
        <BooleanField
          disabled={false}
          help="Require members to use a valid linked SSO account to access this organization"
          hideErrorMessage={false}
          label="Require SSO"
          name="require_link"
          required={false}
        />
        <SelectField
          choices={
            Array [
              Array [
                "member",
                "Member",
              ],
              Array [
                "billing",
                "Billing",
              ],
              Array [
                "owner",
                "Owner",
              ],
              Array [
                "admin",
                "Admin",
              ],
              Array [
                "manager",
                "Manager",
              ],
            ]
          }
          clearable={true}
          disabled={false}
          hideErrorMessage={false}
          label="Default Role"
          multiple={false}
          name="default_role"
          required={true}
        />
      </ApiForm>
    </div>
  </div>
  <div
    className="box"
  >
    <div
      className="box-header"
    >
      <h3>
        <span
          key="5"
        >
          <span
            key="0"
          >
            Disable 
          </span>
          <span
            key="2"
          />
          <span
            key="3"
          >
             Authentication
          </span>
        </span>
      </h3>
    </div>
    <div
      className="box-content with-padding"
    >
      <p>
        Your organization will no longer being able to authenticate with their
              existing accounts. This will prevent any existing users from logging in
              unless they have access outside of SSO.
      </p>
      <fieldset
        className="form-actions"
      >
        <Button
          alignLabel="flex-start"
          disabled={false}
          onClick={[Function]}
          priority="danger"
        >
          <span
            key="5"
          >
            <span
              key="0"
            >
              Disable 
            </span>
            <span
              key="2"
            />
            <span
              key="3"
            >
               Auth
            </span>
          </span>
        </Button>
      </fieldset>
    </div>
  </div>
</div>
`;
