// Jest Snapshot v1, https://goo.gl/fbAQLP

exports[`SuggestedOwners should show owners when enabled 1`] = `
<span
  className="avatar-grid-item"
  key="1:user"
  onClick={[Function]}
  style={
    Object {
      "cursor": "pointer",
    }
  }
>
  <Tooltip
    title="<div><div class=\\"tooltip-owners-name\\"><span><span>Jane Doe</span><span> is suggested based on Issue Owner rule</span></span></div><ul class=\\"tooltip-owners-commits\\">path matched: <code>sentry/tagstore/*</code></ul></div>"
    tooltipOptions={
      Object {
        "container": "body",
        "html": true,
        "template": "<div class=\\"tooltip\\" role=\\"tooltip\\"><div class=\\"tooltip-arrow\\"></div><div class=\\"tooltip-inner tooltip-owners\\"></div></div>",
      }
    }
  >
    <ActorAvatar
      actor={
        Object {
          "id": "1",
          "name": "Jane Doe",
          "type": "user",
        }
      }
      className="tip"
      hasTooltip={false}
      title="<div><div class=\\"tooltip-owners-name\\"><span><span>Jane Doe</span><span> is suggested based on Issue Owner rule</span></span></div><ul class=\\"tooltip-owners-commits\\">path matched: <code>sentry/tagstore/*</code></ul></div>"
    >
      <Avatar
        className="tip"
        hasTooltip={false}
        title="<div><div class=\\"tooltip-owners-name\\"><span><span>Jane Doe</span><span> is suggested based on Issue Owner rule</span></span></div><ul class=\\"tooltip-owners-commits\\">path matched: <code>sentry/tagstore/*</code></ul></div>"
        user={
          Object {
            "email": "janedoe@example.com",
            "id": "1",
            "name": "Jane Doe",
          }
        }
      >
        <UserAvatar
          className="tip"
          gravatar={true}
          hasTooltip={false}
          title="<div><div class=\\"tooltip-owners-name\\"><span><span>Jane Doe</span><span> is suggested based on Issue Owner rule</span></span></div><ul class=\\"tooltip-owners-commits\\">path matched: <code>sentry/tagstore/*</code></ul></div>"
          user={
            Object {
              "email": "janedoe@example.com",
              "id": "1",
              "name": "Jane Doe",
            }
          }
        >
          <BaseAvatar
            className="tip"
            gravatar={true}
            gravatarId="janedoe@example.com"
            hasTooltip={false}
            letterId="janedoe@example.com"
            style={Object {}}
            title="Jane Doe"
            tooltip="Jane Doe (janedoe@example.com)"
            type="gravatar"
          >
            <Tooltip
              disabled={true}
              title="Jane Doe (janedoe@example.com)"
            >
              <span
                className="avatar tip"
                style={Object {}}
              >
                <img
                  onError={[Function]}
                  onLoad={[Function]}
                  src="undefined/avatar/e1f3994f2632af3d1c8c2dcc168a10e6?d=blank&s=64"
                />
              </span>
            </Tooltip>
          </BaseAvatar>
        </UserAvatar>
      </Avatar>
    </ActorAvatar>
  </Tooltip>
</span>
`;
