// Jest Snapshot v1, https://goo.gl/fbAQLP

exports[`DateSummary renders 1`] = `
<DateSummary
  end={2017-10-17T02:38:00.000Z}
  start={2017-10-14T02:38:00.000Z}
  utc={true}
>
  <DateGroupWrapper
    hasTime={true}
  >
    <div
      className="css-920ayr-DateGroupWrapper eyxmd2r0"
    >
      <DateGroup>
        <div
          className="css-1i8b5kk-DateGroup eyxmd2r1"
        >
          <Date
            hasTime={true}
          >
            <div
              className="css-20umtq-Date eyxmd2r2"
            >
              Oct 13, 2017
              <Time>
                <div
                  className="css-ybzw55-Time eyxmd2r3"
                >
                  22:38
                </div>
              </Time>
            </div>
          </Date>
        </div>
      </DateGroup>
      <DateRangeDivider>
        <span
          className="css-1pxvoc9-DateRangeDivider eyxmd2r4"
        >
          to
        </span>
      </DateRangeDivider>
      <DateGroup>
        <div
          className="css-1i8b5kk-DateGroup eyxmd2r1"
        >
          <Date
            hasTime={true}
          >
            <div
              className="css-20umtq-Date eyxmd2r2"
            >
              Oct 16, 2017
              <Time>
                <div
                  className="css-ybzw55-Time eyxmd2r3"
                >
                  22:38
                </div>
              </Time>
            </div>
          </Date>
        </div>
      </DateGroup>
    </div>
  </DateGroupWrapper>
</DateSummary>
`;
