errors: null
to_json:
  data: {extra1: foo, extra2: bar}
